Microchip MPLAB XC8 Compiler V2.10 ()

Linker command line:

-W-3 --edf=C:\Program Files (x86)\Microchip\xc8\v2.10\pic\dat\en_msgs.txt \
  -cs -h+dist/default/production\DPS_v2.2.X.production.sym \
  --cmf=dist/default/production\DPS_v2.2.X.production.cmf -z -Q16F877A \
  -oC:\Users\ELECTR~1\AppData\Local\Temp\s7bs.2 --defsym=__MPLAB_BUILD=1 \
  -Mdist/default/production/DPS_v2.2.X.production.map -E1 -ver=XC8 \
  --acfsm=1493 -ASTACK=0110h-016Fh -pstack=STACK -ACODE=00h-07FFhx4 \
  -ASTRCODE=00h-01FFFh -ASTRING=00h-0FFhx32 -ACONST=00h-0FFhx32 \
  -AENTRY=00h-0FFhx32 -ACOMMON=070h-07Fh -ABANK0=020h-06Fh \
  -ABANK1=0A0h-0EFh -ABANK2=0110h-016Fh -ABANK3=0190h-01EFh \
  -ARAM=020h-06Fh,0A0h-0EFh,0110h-016Fh,0190h-01EFh \
  -AABS1=020h-07Fh,0A0h-0EFh,0110h-016Fh,0190h-01EFh -ASFR0=00h-01Fh \
  -ASFR1=080h-09Fh -ASFR2=0100h-010Fh -ASFR3=0180h-018Fh \
  -preset_vec=00h,intentry=04h,init,end_init -ppowerup=CODE -pcinit=CODE \
  -pfunctab=ENTRY -ACONFIG=02007h-02007h -pconfig=CONFIG -DCONFIG=2 \
  -AIDLOC=02000h-02003h -pidloc=IDLOC -DIDLOC=2 -AEEDATA=00h-0FFh/02100h \
  -peeprom_data=EEDATA -DEEDATA=2 -DCODE=2 -DSTRCODE=2 -DSTRING=2 -DCONST=2 \
  -DENTRY=2 -k C:\Users\ELECTR~1\AppData\Local\Temp\s7bs.o \
  dist/default/production\DPS_v2.2.X.production.o 

Object code version is 3.11

Machine type is 16F877A



                Name                               Link     Load   Length Selector   Space Scale
C:\Users\ELECTR~1\AppData\Local\Temp\s7bs.o
                end_init                              C        C        3        8       0
                reset_vec                             0        0        3        0       0
                config                             2007     2007        1     400E       0
dist/default/production\DPS_v2.2.X.production.o
                cinit                                 F        F       10        8       0
                intentry                              4        4        8        8       0
                text31                              80C      80C       42     1018       0
                text30                             193E     193E       11     327C       0
                text29                             1926     1926        B     324C       0
                text28                             19C0     19C0       37     3380       0
                text27                             1BF2     1BF2       69     37E4       0
                text26                             1B3B     1B3B       5B     3676       0
                text25                             19F7     19F7       4F     33EE       0
                text24                             1C5B     1C5B       9D     38B6       0
                text23                              9DC      9DC      2A0     13B8       0
                text22                             1931     1931        D     3262       0
                text21                              C7C      C7C      384     18F8       0
                text20                             1A46     1A46       50     348C       0
                text19                             196E     196E       29     32DC       0
                text18                              495      495      361        8       0
                text17                             1F26     1F26       DA     3E4C       0
                text16                             1CF8     1CF8       A4     39F0       0
                text15                             1019     1019       7C     2032       0
                text14                             1D9C     1D9C       BC     3B38       0
                text13                             1A96     1A96       50     352C       0
                text12                             1B96     1B96       5C     372C       0
                text11                             1095     1095      137     212A       0
                text10                             1E58     1E58       CE     3CB0       0
                text9                              1599     1599      267     2B32       0
                text8                              11CC     11CC      172     2398       0
                text7                              133E     133E      25B     267C       0
                text6                               84E      84E      18E     109C       0
                text5                              194F     194F       1F     329E       0
                text4                               800      800        C     1000       0
                text3                              1005     1005       14     200A       0
                text2                              1AE6     1AE6       55     35CC       0
                text1                              1997     1997       29     332E       0
                maintext                             1F       1F      476        8       0
                cstackBANK0                          20       20       50       20       1
                cstackCOMMON                         70       70        7       70       1
                cstackBANK1                          A0       A0       4F       A0       1
                cstackBANK3                         190      190       42      190       1
                clrtext                             7F6      7F6        8        8       0
                bssBANK3                            1D2      1D2       13      190       1
                bssCOMMON                            77       77        2       70       1
                bitbssCOMMON                        3C8       79        1       70       1     8
                strings                            1800     1800       76     3000       0

TOTAL           Name                               Link     Load   Length     Space
        CLASS   STACK          

        CLASS   CODE           
                end_init                              C        C        3         0
                cinit                                 F        F       10         0
                intentry                              4        4        8         0
                reset_vec                             0        0        3         0
                text31                              80C      80C       42         0
                text30                             193E     193E       11         0
                text29                             1926     1926        B         0
                text28                             19C0     19C0       37         0
                text27                             1BF2     1BF2       69         0
                text26                             1B3B     1B3B       5B         0
                text25                             19F7     19F7       4F         0
                text24                             1C5B     1C5B       9D         0
                text23                              9DC      9DC      2A0         0
                text22                             1931     1931        D         0
                text21                              C7C      C7C      384         0
                text20                             1A46     1A46       50         0
                text19                             196E     196E       29         0
                text18                              495      495      361         0
                text17                             1F26     1F26       DA         0
                text16                             1CF8     1CF8       A4         0
                text15                             1019     1019       7C         0
                text14                             1D9C     1D9C       BC         0
                text13                             1A96     1A96       50         0
                text12                             1B96     1B96       5C         0
                text11                             1095     1095      137         0
                text10                             1E58     1E58       CE         0
                text9                              1599     1599      267         0
                text8                              11CC     11CC      172         0
                text7                              133E     133E      25B         0
                text6                               84E      84E      18E         0
                text5                              194F     194F       1F         0
                text4                               800      800        C         0
                text3                              1005     1005       14         0
                text2                              1AE6     1AE6       55         0
                text1                              1997     1997       29         0
                maintext                             1F       1F      476         0
                clrtext                             7F6      7F6        8         0

        CLASS   STRCODE        

        CLASS   STRING         
                strings                            1800     1800       76         0

        CLASS   CONST          

        CLASS   ENTRY          

        CLASS   COMMON         
                cstackCOMMON                         70       70        7         1
                bssCOMMON                            77       77        2         1
                bitbssCOMMON                        3C8       79        1         1

        CLASS   BANK0          
                cstackBANK0                          20       20       50         1

        CLASS   BANK1          
                cstackBANK1                          A0       A0       4F         1

        CLASS   BANK2          

        CLASS   BANK3          
                cstackBANK3                         190      190       42         1
                bssBANK3                            1D2      1D2       13         1

        CLASS   RAM            

        CLASS   ABS1           
                abs_s1                               7E       7E        2         1

        CLASS   SFR0           

        CLASS   SFR1           

        CLASS   SFR2           

        CLASS   SFR3           

        CLASS   CONFIG         
                config                             2007     2007        1         0

        CLASS   IDLOC          

        CLASS   EEDATA         



SEGMENTS        Name                           Load    Length   Top    Selector   Space  Class     Delta

                reset_vec                      000000  000003  000003         0       0  CODE        2
                intentry                       000004  0007FA  0007FE         8       0  CODE        2
                cstackBANK0                    000020  000050  000070        20       1  BANK0       1
                cstackCOMMON                   000070  00000A  00007A        70       1  COMMON      1
                cstackBANK1                    0000A0  00004F  0000EF        A0       1  BANK1       1
                cstackBANK3                    000190  000055  0001E5       190       1  BANK3       1
                text4                          000800  00000C  00080C      1000       0  CODE        2
                text31                         00080C  000042  00084E      1018       0  CODE        2
                text6                          00084E  00018E  0009DC      109C       0  CODE        2
                text23                         0009DC  0002A0  000C7C      13B8       0  CODE        2
                text21                         000C7C  000384  001000      18F8       0  CODE        2
                text3                          001005  000014  001019      200A       0  CODE        2
                text15                         001019  00007C  001095      2032       0  CODE        2
                text11                         001095  000137  0011CC      212A       0  CODE        2
                text8                          0011CC  000172  00133E      2398       0  CODE        2
                text7                          00133E  00025B  001599      267C       0  CODE        2
                text9                          001599  000267  001800      2B32       0  CODE        2
                strings                        001800  000076  001876      3000       0  STRING      2
                text29                         001926  00000B  001931      324C       0  CODE        2
                text22                         001931  00000D  00193E      3262       0  CODE        2
                text30                         00193E  000011  00194F      327C       0  CODE        2
                text5                          00194F  00001F  00196E      329E       0  CODE        2
                text19                         00196E  000029  001997      32DC       0  CODE        2
                text1                          001997  000029  0019C0      332E       0  CODE        2
                text28                         0019C0  000037  0019F7      3380       0  CODE        2
                text25                         0019F7  00004F  001A46      33EE       0  CODE        2
                text20                         001A46  000050  001A96      348C       0  CODE        2
                text13                         001A96  000050  001AE6      352C       0  CODE        2
                text2                          001AE6  000055  001B3B      35CC       0  CODE        2
                text26                         001B3B  00005B  001B96      3676       0  CODE        2
                text12                         001B96  00005C  001BF2      372C       0  CODE        2
                text27                         001BF2  000069  001C5B      37E4       0  CODE        2
                text24                         001C5B  00009D  001CF8      38B6       0  CODE        2
                text16                         001CF8  0000A4  001D9C      39F0       0  CODE        2
                text14                         001D9C  0000BC  001E58      3B38       0  CODE        2
                text10                         001E58  0000CE  001F26      3CB0       0  CODE        2
                text17                         001F26  0000DA  002000      3E4C       0  CODE        2
                config                         002007  000001  002008      400E       0  CONFIG      2


UNUSED ADDRESS RANGES

        Name                Unused          Largest block    Delta
        BANK1            00EF-00EF              1           1
        BANK2            0110-016F             60           1
        BANK3            01E5-01EF              B           1
        CODE             0003-0003              1           2
                         07FE-07FF              2
                         1000-1004              5
                         1876-1925             B0
        COMMON           007A-007D              4           1
        CONST            0003-0003              1           2
                         07FE-07FF              2
                         1000-1004              5
                         1876-1925             8A
        EEDATA           2100-21FF            100           2
        ENTRY            0003-0003              1           2
                         07FE-07FF              2
                         1000-1004              5
                         1876-1925             8A
        IDLOC            2000-2003              4           2
        RAM              00EF-00EF              1           1
                         0110-016F             60
                         01E5-01EF              B
        SFR0             0000-001F             20           1
        SFR1             0080-009F             20           1
        SFR2             0100-010F             10           1
        SFR3             0180-018F             10           1
        STACK            0110-016F             60           1
        STRCODE          0003-0003              1           2
                         07FE-07FF              2
                         1000-1004              5
                         1876-1925             B0
        STRING           0003-0003              1           2
                         07FE-07FF              2
                         1000-1004              5
                         1876-1925             8A

                                  Symbol Table

?_ADC_Read               cstackBANK0  0020
?__Umul8_16              cstackBANK0  0020
?___awdiv                cstackBANK0  0020
?___awmod                cstackBANK0  0020
?___fladd                cstackBANK0  0068
?___fldiv                cstackBANK0  005B
?___flmul                cstackBANK0  0041
?___flneg                cstackBANK0  0020
?___flsub                cstackBANK1  00B9
?___fltol                cstackBANK1  00B9
?___xxtofl               cstackBANK0  0020
?_eval_poly              cstackBANK1  00B9
?_exp                    cstackBANK1  00D1
?_floor                  cstackBANK1  00C4
?_frexp                  cstackBANK0  003A
?_intToStr               cstackBANK1  00C4
?_ldexp                  cstackBANK1  00C9
?_log                    cstackBANK1  00C9
?_pow                    cstackBANK1  00DD
ADC_Read@channel         cstackBANK0  0024
_ADCON0                  (abs)        001F
_ADCON1                  (abs)        009F
_ADC_Init                text29       1926
_ADC_Read                text28       19C0
_ADRESH                  (abs)        001E
_ADRESL                  (abs)        009E
_CMCON                   (abs)        009C
_GIE                     (abs)        005F
_GO_nDONE                (abs)        00FA
_INTCONbits              (abs)        000B
_ISR                     text30       193E
_PEIE                    (abs)        005E
_PORTB                   (abs)        0006
_PORTBbits               (abs)        0006
_PORTC                   (abs)        0007
_PORTD                   (abs)        0008
_RA2                     (abs)        002A
_RA4                     (abs)        002C
_RB4                     (abs)        0034
_RB5                     (abs)        0035
_RBIE                    (abs)        005B
_RBIF                    (abs)        0058
_RC4                     (abs)        003C
_RC5                     (abs)        003D
_TRISA                   (abs)        0085
_TRISB                   (abs)        0086
_TRISC                   (abs)        0087
_TRISD                   (abs)        0088
__CFG_BOREN$ON           (abs)        0000
__CFG_CP$OFF             (abs)        0000
__CFG_CPD$OFF            (abs)        0000
__CFG_FOSC$HS            (abs)        0000
__CFG_LVP$ON             (abs)        0000
__CFG_PWRTE$ON           (abs)        0000
__CFG_WDTE$OFF           (abs)        0000
__CFG_WRT$OFF            (abs)        0000
__Habs1                  abs1         0000
__Hbank0                 bank0        0000
__Hbank1                 bank1        0000
__Hbank2                 bank2        0000
__Hbank3                 bank3        0000
__HbitbssCOMMON          bitbssCOMMON 0000
__HbssBANK3              bssBANK3     0000
__HbssCOMMON             bssCOMMON    0000
__Hcinit                 cinit        001F
__Hclrtext               clrtext      0000
__Hcode                  code         0000
__Hcommon                common       0000
__Hconfig                config       2008
__HcstackBANK0           cstackBANK0  0000
__HcstackBANK1           cstackBANK1  0000
__HcstackBANK3           cstackBANK3  0000
__HcstackCOMMON          cstackCOMMON 0000
__Heeprom_data           eeprom_data  0000
__Hend_init              end_init     000F
__Hfunctab               functab      0000
__Hidloc                 idloc        0000
__Hinit                  init         000C
__Hintentry              intentry     000C
__Hmaintext              maintext     0000
__Hpowerup               powerup      0000
__Hram                   ram          0000
__Hreset_vec             reset_vec    0003
__Hsfr0                  sfr0         0000
__Hsfr1                  sfr1         0000
__Hsfr2                  sfr2         0000
__Hsfr3                  sfr3         0000
__Hspace_0               (abs)        2008
__Hspace_1               (abs)        03C9
__Hspace_2               (abs)        0000
__Hspace_3               (abs)        0000
__Hstack                 stack        0000
__Hstrings               strings      0000
__Htext                  text         0000
__Labs1                  abs1         0000
__Lbank0                 bank0        0000
__Lbank1                 bank1        0000
__Lbank2                 bank2        0000
__Lbank3                 bank3        0000
__LbitbssCOMMON          bitbssCOMMON 0000
__LbssBANK3              bssBANK3     0000
__LbssCOMMON             bssCOMMON    0000
__Lcinit                 cinit        000F
__Lclrtext               clrtext      0000
__Lcode                  code         0000
__Lcommon                common       0000
__Lconfig                config       2007
__LcstackBANK0           cstackBANK0  0000
__LcstackBANK1           cstackBANK1  0000
__LcstackBANK3           cstackBANK3  0000
__LcstackCOMMON          cstackCOMMON 0000
__Leeprom_data           eeprom_data  0000
__Lend_init              end_init     000C
__Lfunctab               functab      0000
__Lidloc                 idloc        0000
__Linit                  init         000C
__Lintentry              intentry     0004
__Lmaintext              maintext     0000
__Lpowerup               powerup      0000
__Lram                   ram          0000
__Lreset_vec             reset_vec    0000
__Lsfr0                  sfr0         0000
__Lsfr1                  sfr1         0000
__Lsfr2                  sfr2         0000
__Lsfr3                  sfr3         0000
__Lspace_0               (abs)        0000
__Lspace_1               (abs)        0000
__Lspace_2               (abs)        0000
__Lspace_3               (abs)        0000
__Lstack                 stack        0000
__Lstrings               strings      0000
__Ltext                  text         0000
__S0                     (abs)        2008
__S1                     (abs)        01E5
__S2                     (abs)        0000
__S3                     (abs)        0000
__Umul8_16               text19       196E
__Umul8_16@multiplicand  cstackBANK0  0020
__Umul8_16@multiplier    cstackBANK0  0028
__Umul8_16@product       cstackBANK0  0024
__Umul8_16@word_mpld     cstackBANK0  0026
___awdiv                 text27       1BF2
___awdiv@counter         cstackBANK0  0025
___awdiv@dividend        cstackBANK0  0022
___awdiv@divisor         cstackBANK0  0020
___awdiv@quotient        cstackBANK0  0027
___awdiv@sign            cstackBANK0  0026
___awmod                 text26       1B3B
___awmod@counter         cstackBANK0  0025
___awmod@dividend        cstackBANK0  0022
___awmod@divisor         cstackBANK0  0020
___awmod@sign            cstackBANK0  0026
___fladd                 text21       0C7C
___fladd@a               cstackBANK0  006C
___fladd@aexp            cstackBANK1  00B6
___fladd@b               cstackBANK0  0068
___fladd@bexp            cstackBANK1  00B7
___fladd@grs             cstackBANK1  00B8
___fladd@signs           cstackBANK1  00B5
___fldiv                 text23       09DC
___fldiv@a               cstackBANK0  005B
___fldiv@aexp            cstackBANK1  00AC
___fldiv@b               cstackBANK0  005F
___fldiv@bexp            cstackBANK1  00AB
___fldiv@grs             cstackBANK1  00A7
___fldiv@new_exp         cstackBANK1  00A5
___fldiv@rem             cstackBANK1  00A0
___fldiv@sign            cstackBANK1  00A4
___fleq                  text13       1A96
___fleq@ff1              cstackBANK0  002E
___fleq@ff2              cstackBANK0  0032
___flge                  text16       1CF8
___flge@ff1              cstackBANK0  0020
___flge@ff2              cstackBANK0  0024
___flmul                 text18       0495
___flmul@a               cstackBANK0  0045
___flmul@aexp            cstackBANK0  0053
___flmul@b               cstackBANK0  0041
___flmul@bexp            cstackBANK0  0054
___flmul@grs             cstackBANK0  004F
___flmul@prod            cstackBANK0  0055
___flmul@sign            cstackBANK0  004E
___flmul@temp            cstackBANK0  0059
___flneg                 text22       1931
___flneg@f1              cstackBANK0  0020
___flsub                 text20       1A46
___flsub@a               cstackBANK1  00B9
___flsub@b               cstackBANK1  00BD
___fltol                 text15       1019
___fltol@exp1            cstackBANK1  00C3
___fltol@f1              cstackBANK1  00B9
___fltol@sign1           cstackBANK1  00C2
___int_sp                stack        0000
___latbits               (abs)        0002
___sp                    stack        0000
___stackhi               (abs)        0000
___stacklo               (abs)        0000
___xxtofl                text14       1D9C
___xxtofl@arg            cstackBANK0  002A
___xxtofl@exp            cstackBANK0  0029
___xxtofl@sign           cstackBANK0  0028
___xxtofl@val            cstackBANK0  0020
__end_of_ADC_Init        text29       1931
__end_of_ADC_Read        text28       19F7
__end_of_ISR             text30       194F
__end_of__Umul8_16       text19       1997
__end_of___awdiv         text27       1C5B
__end_of___awmod         text26       1B96
__end_of___fladd         text21       1000
__end_of___fldiv         text23       0C7C
__end_of___fleq          text13       1AE6
__end_of___flge          text16       1D9C
__end_of___flmul         text18       07F6
__end_of___flneg         text22       193E
__end_of___flsub         text20       1A96
__end_of___fltol         text15       1095
__end_of___xxtofl        text14       1E58
__end_of__initialization cinit        001B
__end_of__stringtab      strings      1810
__end_of_eval_poly       text17       2000
__end_of_exp             text9        1800
__end_of_floor           text11       11CC
__end_of_frexp           text12       1BF2
__end_of_ftoa            text6        09DC
__end_of_intToStr        text24       1CF8
__end_of_lcd_clear       text3        1019
__end_of_lcd_goto        text4        080C
__end_of_lcd_init        text2        1B3B
__end_of_lcd_puts        text1        19C0
__end_of_lcd_write       text5        196E
__end_of_ldexp           text10       1F26
__end_of_log             text8        133E
__end_of_main            maintext     0495
__end_of_pbchange        text31       084E
__end_of_pow             text7        1599
__end_of_reverse         text25       1A46
__end_ofexp@coeff        strings      1838
__end_oflog@coeff        strings      185C
__initialization         cinit        000F
__pbitbssCOMMON          bitbssCOMMON 03C8
__pbssBANK3              bssBANK3     01D2
__pbssCOMMON             bssCOMMON    0077
__pcstackBANK0           cstackBANK0  0020
__pcstackBANK1           cstackBANK1  00A0
__pcstackBANK3           cstackBANK3  0190
__pcstackCOMMON          cstackCOMMON 0070
__pintentry              intentry     0004
__pmaintext              maintext     001F
__pstrings               strings      1800
__ptext1                 text1        1997
__ptext10                text10       1E58
__ptext11                text11       1095
__ptext12                text12       1B96
__ptext13                text13       1A96
__ptext14                text14       1D9C
__ptext15                text15       1019
__ptext16                text16       1CF8
__ptext17                text17       1F26
__ptext18                text18       0495
__ptext19                text19       196E
__ptext2                 text2        1AE6
__ptext20                text20       1A46
__ptext21                text21       0C7C
__ptext22                text22       1931
__ptext23                text23       09DC
__ptext24                text24       1C5B
__ptext25                text25       19F7
__ptext26                text26       1B3B
__ptext27                text27       1BF2
__ptext28                text28       19C0
__ptext29                text29       1926
__ptext3                 text3        1005
__ptext30                text30       193E
__ptext31                text31       080C
__ptext4                 text4        0800
__ptext5                 text5        194F
__ptext6                 text6        084E
__ptext7                 text7        133E
__ptext8                 text8        11CC
__ptext9                 text9        1599
__size_of_ADC_Init       (abs)        0000
__size_of_ADC_Read       (abs)        0000
__size_of_ISR            (abs)        0000
__size_of__Umul8_16      (abs)        0000
__size_of___awdiv        (abs)        0000
__size_of___awmod        (abs)        0000
__size_of___fladd        (abs)        0000
__size_of___fldiv        (abs)        0000
__size_of___fleq         (abs)        0000
__size_of___flge         (abs)        0000
__size_of___flmul        (abs)        0000
__size_of___flneg        (abs)        0000
__size_of___flsub        (abs)        0000
__size_of___fltol        (abs)        0000
__size_of___xxtofl       (abs)        0000
__size_of_eval_poly      (abs)        0000
__size_of_exp            (abs)        0000
__size_of_floor          (abs)        0000
__size_of_frexp          (abs)        0000
__size_of_ftoa           (abs)        0000
__size_of_intToStr       (abs)        0000
__size_of_lcd_clear      (abs)        0000
__size_of_lcd_goto       (abs)        0000
__size_of_lcd_init       (abs)        0000
__size_of_lcd_puts       (abs)        0000
__size_of_lcd_write      (abs)        0000
__size_of_ldexp          (abs)        0000
__size_of_log            (abs)        0000
__size_of_main           (abs)        0000
__size_of_pbchange       (abs)        0000
__size_of_pow            (abs)        0000
__size_of_reverse        (abs)        0000
__stringbase             strings      180F
__stringtab              strings      1800
_count                   bssBANK3     01D4
_errno                   bssBANK3     01D2
_eval_poly               text17       1F26
_exp                     text9        1599
_exp$934                 cstackBANK1  00D6
_floor                   text11       1095
_frexp                   text12       1B96
_ftoa                    text6        084E
_ftoa$930                cstackBANK3  019D
_ftoa$931                cstackBANK3  01A1
_intToStr                text24       1C5B
_lcd_clear               text3        1005
_lcd_goto                text4        0800
_lcd_init                text2        1AE6
_lcd_puts                text1        1997
_lcd_write               text5        194F
_ldexp                   text10       1E58
_log                     text8        11CC
_main                    maintext     001F
_main$928                cstackBANK3  01BC
_main$929                cstackBANK3  01C0
_nRBPU                   (abs)        040F
_pbchange                text31       080C
_pow                     text7        133E
_pow$932                 cstackBANK3  0190
_pow$933                 cstackBANK3  0194
_reverse                 text25       19F7
_temp                    bssBANK3     01D6
btemp                    (abs)        007E
clear_ram0               clrtext      07F6
end_of_initialization    cinit        001B
eval_poly@d              cstackBANK1  00BD
eval_poly@n              cstackBANK1  00BE
eval_poly@res            cstackBANK1  00C5
eval_poly@x              cstackBANK1  00B9
exp@coeff                strings      1810
exp@exponent             cstackBANK1  00DA
exp@sign                 cstackBANK1  00DC
exp@x                    cstackBANK1  00D1
floor@expon              cstackBANK1  00CD
floor@i                  cstackBANK1  00C9
floor@x                  cstackBANK1  00C4
frexp@eptr               cstackBANK0  003E
frexp@value              cstackBANK0  003A
ftoa@afterpoint          cstackBANK1  00EB
ftoa@fpart               cstackBANK3  01A9
ftoa@i                   cstackBANK3  01A7
ftoa@ipart               cstackBANK3  01A5
ftoa@n                   cstackBANK1  00E6
ftoa@res                 cstackBANK1  00EA
intToStr@d               cstackBANK1  00C7
intToStr@i               cstackBANK1  00CB
intToStr@str             cstackBANK1  00C6
intToStr@x               cstackBANK1  00C4
interrupt_function       intentry     0004
intlevel0                functab      0000
intlevel1                functab      0000
intlevel2                functab      0000
intlevel3                functab      0000
intlevel4                functab      0000
intlevel5                functab      0000
lcd_goto@pos             cstackBANK0  0022
lcd_puts@s               cstackBANK0  0022
lcd_write@c              cstackBANK0  0021
ldexp@newexp             cstackBANK1  00CD
ldexp@value              cstackBANK1  00C9
log@coeff                strings      1838
log@exponent             cstackBANK1  00CE
log@x                    cstackBANK1  00C9
main@FOutOnOff           bitbssCOMMON 03C8
main@_prevCurrent        cstackBANK3  01B3
main@_prevVoltage        cstackBANK3  01B2
main@a                   cstackBANK3  01CA
main@adc_count           cstackBANK3  01CC
main@b                   cstackBANK3  01C4
main@current             cstackBANK3  01B1
main@currentLimit        cstackBANK3  01B4
main@current_res         cstackBANK3  01C6
main@voltageLimit        cstackBANK3  01CE
main@voltage_res         cstackBANK3  01B8
pbchange@oldstate        bssCOMMON    0077
pbchange@state           cstackCOMMON 0074
pow@sign                 cstackBANK3  0198
pow@x                    cstackBANK1  00DD
pow@y                    cstackBANK1  00E1
pow@yi                   cstackBANK3  0199
reset_vec                reset_vec    0000
reverse@i                cstackBANK0  0027
reverse@j                cstackBANK0  0029
reverse@len              cstackBANK0  0020
reverse@str              cstackBANK0  002B
reverse@temp             cstackBANK0  0025
saved_w                  (abs)        007E
start                    init         000C
start_initialization     cinit        000F
wtemp0                   (abs)        007E


FUNCTION INFORMATION:

 *************** function _main *****************
 Defined at:
		line 49 in file "main.c"
 Parameters:    Size  Location     Type
		None
 Auto vars:     Size  Location     Type
  voltageLimit    4   62[BANK3 ] float 
  current_res     4   54[BANK3 ] float 
  voltage_res     4   40[BANK3 ] float 
  currentLimit    4   36[BANK3 ] float 
  OldResult       4    0        float 
  result          4    0        float 
  adc_count       2   60[BANK3 ] int 
  a               2   58[BANK3 ] unsigned int 
  b               2   52[BANK3 ] unsigned int 
  _prevCurrent    1   35[BANK3 ] PTR unsigned char 
		 -> STR_4(5), 
  _prevVoltage    1   34[BANK3 ] PTR unsigned char 
		 -> STR_3(5), 
  current         1   33[BANK3 ] PTR unsigned char 
		 -> STR_2(5), 
  voltage         1    0        PTR unsigned char 
		 -> STR_1(5), 
 Return value:  Size  Location     Type
                  1    wreg      void 
 Registers used:
		wreg, fsr0l, fsr0h, status,2, status,0, btemp+1, pclath, cstack
 Tracked objects:
		On entry : 
		On exit  : 
		Unchanged: 
 Data sizes:     COMMON   BANK0   BANK1   BANK3   BANK2
      Params:         0       0       0       0       0
      Locals:         0       0       0      34       0
      Temps:          0       0       0       3       0
      Totals:         0       0       0      37       0
Total ram usage:       37 bytes
 Hardware stack levels required when called:    8
 This function calls:
		_ADC_Init
		_ADC_Read
		___fladd
		___fldiv
		___flge
		___flmul
		___flsub
		___fltol
		___xxtofl
		_ftoa
		_lcd_clear
		_lcd_goto
		_lcd_init
		_lcd_puts
 This function is called by:
		Startup code after reset
 This function uses a non-reentrant model


 *************** function _lcd_puts *****************
 Defined at:
		line 62 in file "lcd.c"
 Parameters:    Size  Location     Type
  s               2    2[BANK0 ] PTR const unsigned char 
		 -> STR_10(2), STR_9(2), STR_8(6), STR_7(2), 
		 -> STR_6(2), STR_5(6), temp(15), 
 Auto vars:     Size  Location     Type
		None
 Return value:  Size  Location     Type
                  1    wreg      void 
 Registers used:
		wreg, fsr0l, fsr0h, status,2, status,0, btemp+1, pclath, cstack
 Tracked objects:
		On entry : 
		On exit  : 
		Unchanged: 
 Data sizes:     COMMON   BANK0   BANK1   BANK3   BANK2
      Params:         0       2       0       0       0
      Locals:         0       0       0       0       0
      Temps:          0       0       0       0       0
      Totals:         0       2       0       0       0
Total ram usage:        2 bytes
 Hardware stack levels used:    1
 Hardware stack levels required when called:    3
 This function calls:
		_lcd_write
 This function is called by:
		_main
 This function uses a non-reentrant model


 *************** function _lcd_init *****************
 Defined at:
		line 92 in file "lcd.c"
 Parameters:    Size  Location     Type
		None
 Auto vars:     Size  Location     Type
  init_value      1    0        unsigned char 
 Return value:  Size  Location     Type
                  1    wreg      void 
 Registers used:
		wreg, status,2, status,0, pclath, cstack
 Tracked objects:
		On entry : 
		On exit  : 
		Unchanged: 
 Data sizes:     COMMON   BANK0   BANK1   BANK3   BANK2
      Params:         0       0       0       0       0
      Locals:         0       1       0       0       0
      Temps:          0       2       0       0       0
      Totals:         0       3       0       0       0
Total ram usage:        3 bytes
 Hardware stack levels used:    1
 Hardware stack levels required when called:    4
 This function calls:
		_lcd_clear
		_lcd_write
 This function is called by:
		_main
 This function uses a non-reentrant model


 *************** function _lcd_clear *****************
 Defined at:
		line 52 in file "lcd.c"
 Parameters:    Size  Location     Type
		None
 Auto vars:     Size  Location     Type
		None
 Return value:  Size  Location     Type
                  1    wreg      void 
 Registers used:
		wreg, status,2, status,0, pclath, cstack
 Tracked objects:
		On entry : 
		On exit  : 
		Unchanged: 
 Data sizes:     COMMON   BANK0   BANK1   BANK3   BANK2
      Params:         0       0       0       0       0
      Locals:         0       0       0       0       0
      Temps:          0       2       0       0       0
      Totals:         0       2       0       0       0
Total ram usage:        2 bytes
 Hardware stack levels used:    1
 Hardware stack levels required when called:    3
 This function calls:
		_lcd_write
 This function is called by:
		_main
		_lcd_init
 This function uses a non-reentrant model


 *************** function _lcd_goto *****************
 Defined at:
		line 84 in file "lcd.c"
 Parameters:    Size  Location     Type
  pos             1    wreg     unsigned char 
 Auto vars:     Size  Location     Type
  pos             1    2[BANK0 ] unsigned char 
 Return value:  Size  Location     Type
                  1    wreg      void 
 Registers used:
		wreg, status,2, status,0, pclath, cstack
 Tracked objects:
		On entry : 
		On exit  : 
		Unchanged: 
 Data sizes:     COMMON   BANK0   BANK1   BANK3   BANK2
      Params:         0       0       0       0       0
      Locals:         0       1       0       0       0
      Temps:          0       0       0       0       0
      Totals:         0       1       0       0       0
Total ram usage:        1 bytes
 Hardware stack levels used:    1
 Hardware stack levels required when called:    3
 This function calls:
		_lcd_write
 This function is called by:
		_main
 This function uses a non-reentrant model


 *************** function _lcd_write *****************
 Defined at:
		line 38 in file "lcd.c"
 Parameters:    Size  Location     Type
  c               1    wreg     unsigned char 
 Auto vars:     Size  Location     Type
  c               1    1[BANK0 ] unsigned char 
 Return value:  Size  Location     Type
                  1    wreg      void 
 Registers used:
		wreg, status,2, status,0
 Tracked objects:
		On entry : 
		On exit  : 
		Unchanged: 
 Data sizes:     COMMON   BANK0   BANK1   BANK3   BANK2
      Params:         0       0       0       0       0
      Locals:         0       1       0       0       0
      Temps:          0       1       0       0       0
      Totals:         0       2       0       0       0
Total ram usage:        2 bytes
 Hardware stack levels used:    1
 Hardware stack levels required when called:    2
 This function calls:
		Nothing
 This function is called by:
		_lcd_clear
		_lcd_puts
		_lcd_goto
		_lcd_init
		_lcd_putch
 This function uses a non-reentrant model


 *************** function _ftoa *****************
 Defined at:
		line 231 in file "main.c"
 Parameters:    Size  Location     Type
  n               4   70[BANK1 ] float 
  res             1   74[BANK1 ] PTR unsigned char 
		 -> temp(15), 
  afterpoint      2   75[BANK1 ] int 
 Auto vars:     Size  Location     Type
  fpart           4   25[BANK3 ] float 
  i               2   23[BANK3 ] int 
  ipart           2   21[BANK3 ] int 
 Return value:  Size  Location     Type
                  1    wreg      void 
 Registers used:
		wreg, fsr0l, fsr0h, status,2, status,0, btemp+1, pclath, cstack
 Tracked objects:
		On entry : 
		On exit  : 
		Unchanged: 
 Data sizes:     COMMON   BANK0   BANK1   BANK3   BANK2
      Params:         0       0       7       0       0
      Locals:         0       0       0      16       0
      Temps:          0       0       2       0       0
      Totals:         0       0       9      16       0
Total ram usage:       25 bytes
 Hardware stack levels used:    1
 Hardware stack levels required when called:    7
 This function calls:
		___flmul
		___flsub
		___fltol
		___xxtofl
		_intToStr
		_pow
 This function is called by:
		_main
 This function uses a non-reentrant model


 *************** function _pow *****************
 Defined at:
		line 5 in file "C:\Program Files (x86)\Microchip\xc8\v2.10\pic\sources\c90\common\pow.c"
 Parameters:    Size  Location     Type
  x               4   61[BANK1 ] void 
  y               4   65[BANK1 ] void 
 Auto vars:     Size  Location     Type
  yi              4    9[BANK3 ] unsigned long 
  sign            1    8[BANK3 ] unsigned char 
 Return value:  Size  Location     Type
                  4   61[BANK1 ] unsigned char 
 Registers used:
		wreg, fsr0l, fsr0h, status,2, status,0, btemp+1, pclath, cstack
 Tracked objects:
		On entry : 
		On exit  : 
		Unchanged: 
 Data sizes:     COMMON   BANK0   BANK1   BANK3   BANK2
      Params:         0       0       8       0       0
      Locals:         0       0       0      13       0
      Temps:          0       0       1       0       0
      Totals:         0       0       9      13       0
Total ram usage:       22 bytes
 Hardware stack levels used:    1
 Hardware stack levels required when called:    6
 This function calls:
		___fleq
		___flge
		___flmul
		___flneg
		___fltol
		___xxtofl
		_exp
		_log
 This function is called by:
		_ftoa
 This function uses a non-reentrant model


 *************** function _log *****************
 Defined at:
		line 5 in file "C:\Program Files (x86)\Microchip\xc8\v2.10\pic\sources\c90\common\log.c"
 Parameters:    Size  Location     Type
  x               4   41[BANK1 ] unsigned char 
 Auto vars:     Size  Location     Type
  exponent        2   46[BANK1 ] int 
 Return value:  Size  Location     Type
                  4   41[BANK1 ] int 
 Registers used:
		wreg, fsr0l, fsr0h, status,2, status,0, btemp+1, pclath, cstack
 Tracked objects:
		On entry : 
		On exit  : 
		Unchanged: 
 Data sizes:     COMMON   BANK0   BANK1   BANK3   BANK2
      Params:         0       0       4       0       0
      Locals:         0       0       2       0       0
      Temps:          0       0       1       0       0
      Totals:         0       0       7       0       0
Total ram usage:        7 bytes
 Hardware stack levels used:    1
 Hardware stack levels required when called:    5
 This function calls:
		___fladd
		___fleq
		___flge
		___flmul
		___xxtofl
		_eval_poly
		_frexp
 This function is called by:
		_pow
 This function uses a non-reentrant model


 *************** function _exp *****************
 Defined at:
		line 12 in file "C:\Program Files (x86)\Microchip\xc8\v2.10\pic\sources\c90\common\exp.c"
 Parameters:    Size  Location     Type
  x               4   49[BANK1 ] int 
 Auto vars:     Size  Location     Type
  exponent        2   58[BANK1 ] int 
  sign            1   60[BANK1 ] unsigned char 
 Return value:  Size  Location     Type
                  4   49[BANK1 ] unsigned char 
 Registers used:
		wreg, fsr0l, fsr0h, status,2, status,0, btemp+1, pclath, cstack
 Tracked objects:
		On entry : 
		On exit  : 
		Unchanged: 
 Data sizes:     COMMON   BANK0   BANK1   BANK3   BANK2
      Params:         0       0       4       0       0
      Locals:         0       0       7       0       0
      Temps:          0       0       1       0       0
      Totals:         0       0      12       0       0
Total ram usage:       12 bytes
 Hardware stack levels used:    1
 Hardware stack levels required when called:    5
 This function calls:
		___fldiv
		___fleq
		___flge
		___flmul
		___flneg
		___flsub
		___fltol
		___xxtofl
		_eval_poly
		_floor
		_ldexp
 This function is called by:
		_pow
 This function uses a non-reentrant model


 *************** function _ldexp *****************
 Defined at:
		line 277 in file "C:\Program Files (x86)\Microchip\xc8\v2.10\pic\sources\c90\common\frexp.c"
 Parameters:    Size  Location     Type
  value           4   41[BANK1 ] unsigned char 
  newexp          2   45[BANK1 ] int 
 Auto vars:     Size  Location     Type
		None
 Return value:  Size  Location     Type
                  4   41[BANK1 ] int 
 Registers used:
		wreg, status,2, status,0, btemp+1, pclath, cstack
 Tracked objects:
		On entry : 
		On exit  : 
		Unchanged: 
 Data sizes:     COMMON   BANK0   BANK1   BANK3   BANK2
      Params:         0       0       6       0       0
      Locals:         0       0       0       0       0
      Temps:          0       0       2       0       0
      Totals:         0       0       8       0       0
Total ram usage:        8 bytes
 Hardware stack levels used:    1
 Hardware stack levels required when called:    3
 This function calls:
		___fleq
		___flge
 This function is called by:
		_exp
 This function uses a non-reentrant model


 *************** function _floor *****************
 Defined at:
		line 13 in file "C:\Program Files (x86)\Microchip\xc8\v2.10\pic\sources\c90\common\floor.c"
 Parameters:    Size  Location     Type
  x               4   36[BANK1 ] int 
 Auto vars:     Size  Location     Type
  i               4   41[BANK1 ] int 
  expon           2   45[BANK1 ] int 
 Return value:  Size  Location     Type
                  4   36[BANK1 ] int 
 Registers used:
		wreg, fsr0l, fsr0h, status,2, status,0, btemp+1, pclath, cstack
 Tracked objects:
		On entry : 
		On exit  : 
		Unchanged: 
 Data sizes:     COMMON   BANK0   BANK1   BANK3   BANK2
      Params:         0       0       4       0       0
      Locals:         0       0       6       0       0
      Temps:          0       0       1       0       0
      Totals:         0       0      11       0       0
Total ram usage:       11 bytes
 Hardware stack levels used:    1
 Hardware stack levels required when called:    4
 This function calls:
		___fladd
		___flge
		___fltol
		___xxtofl
		_frexp
 This function is called by:
		_exp
 This function uses a non-reentrant model


 *************** function _frexp *****************
 Defined at:
		line 254 in file "C:\Program Files (x86)\Microchip\xc8\v2.10\pic\sources\c90\common\frexp.c"
 Parameters:    Size  Location     Type
  value           4   26[BANK0 ] int 
  eptr            1   30[BANK0 ] PTR int 
		 -> log@exponent(2), floor@expon(2), 
 Auto vars:     Size  Location     Type
		None
 Return value:  Size  Location     Type
                  4   26[BANK0 ] PTR int 
 Registers used:
		wreg, fsr0l, fsr0h, status,2, status,0, btemp+1, pclath, cstack
 Tracked objects:
		On entry : 
		On exit  : 
		Unchanged: 
 Data sizes:     COMMON   BANK0   BANK1   BANK3   BANK2
      Params:         0       5       0       0       0
      Locals:         0       0       0       0       0
      Temps:          0       2       0       0       0
      Totals:         0       7       0       0       0
Total ram usage:        7 bytes
 Hardware stack levels used:    1
 Hardware stack levels required when called:    3
 This function calls:
		___fleq
 This function is called by:
		_floor
		_log
 This function uses a non-reentrant model


 *************** function ___fleq *****************
 Defined at:
		line 4 in file "C:\Program Files (x86)\Microchip\xc8\v2.10\pic\sources\c90\common\fleq.c"
 Parameters:    Size  Location     Type
  ff1             4   14[BANK0 ] PTR int 
  ff2             4   18[BANK0 ] PTR int 
 Auto vars:     Size  Location     Type
		None
 Return value:  Size  Location     Type
		None               void
 Registers used:
		wreg, status,2, status,0
 Tracked objects:
		On entry : 
		On exit  : 
		Unchanged: 
 Data sizes:     COMMON   BANK0   BANK1   BANK3   BANK2
      Params:         0       8       0       0       0
      Locals:         0       0       0       0       0
      Temps:          0       4       0       0       0
      Totals:         0      12       0       0       0
Total ram usage:       12 bytes
 Hardware stack levels used:    1
 Hardware stack levels required when called:    2
 This function calls:
		Nothing
 This function is called by:
		_pow
		_exp
		_frexp
		_ldexp
		_log
 This function uses a non-reentrant model


 *************** function ___xxtofl *****************
 Defined at:
		line 10 in file "C:\Program Files (x86)\Microchip\xc8\v2.10\pic\sources\c90\common\xxtofl.c"
 Parameters:    Size  Location     Type
  sign            1    wreg     unsigned char 
  val             4    0[BANK0 ] long 
 Auto vars:     Size  Location     Type
  sign            1    8[BANK0 ] unsigned char 
  arg             4   10[BANK0 ] unsigned long 
  exp             1    9[BANK0 ] unsigned char 
 Return value:  Size  Location     Type
                  4    0[BANK0 ] unsigned char 
 Registers used:
		wreg, status,2, status,0
 Tracked objects:
		On entry : 
		On exit  : 
		Unchanged: 
 Data sizes:     COMMON   BANK0   BANK1   BANK3   BANK2
      Params:         0       4       0       0       0
      Locals:         0       6       0       0       0
      Temps:          0       4       0       0       0
      Totals:         0      14       0       0       0
Total ram usage:       14 bytes
 Hardware stack levels used:    1
 Hardware stack levels required when called:    2
 This function calls:
		Nothing
 This function is called by:
		_main
		_ftoa
		_pow
		_exp
		_floor
		_log
 This function uses a non-reentrant model


 *************** function ___fltol *****************
 Defined at:
		line 43 in file "C:\Program Files (x86)\Microchip\xc8\v2.10\pic\sources\c90\common\fltol.c"
 Parameters:    Size  Location     Type
  f1              4   25[BANK1 ] unsigned char 
 Auto vars:     Size  Location     Type
  exp1            1   35[BANK1 ] unsigned char 
  sign1           1   34[BANK1 ] unsigned char 
 Return value:  Size  Location     Type
                  4   25[BANK1 ] long 
 Registers used:
		wreg, status,2, status,0
 Tracked objects:
		On entry : 
		On exit  : 
		Unchanged: 
 Data sizes:     COMMON   BANK0   BANK1   BANK3   BANK2
      Params:         0       0       4       0       0
      Locals:         0       0       2       0       0
      Temps:          0       0       5       0       0
      Totals:         0       0      11       0       0
Total ram usage:       11 bytes
 Hardware stack levels used:    1
 Hardware stack levels required when called:    2
 This function calls:
		Nothing
 This function is called by:
		_main
		_ftoa
		_pow
		_exp
		_floor
 This function uses a non-reentrant model


 *************** function ___flge *****************
 Defined at:
		line 4 in file "C:\Program Files (x86)\Microchip\xc8\v2.10\pic\sources\c90\common\flge.c"
 Parameters:    Size  Location     Type
  ff1             4    0[BANK0 ] long 
  ff2             4    4[BANK0 ] long 
 Auto vars:     Size  Location     Type
		None
 Return value:  Size  Location     Type
		None               void
 Registers used:
		wreg, status,2, status,0
 Tracked objects:
		On entry : 
		On exit  : 
		Unchanged: 
 Data sizes:     COMMON   BANK0   BANK1   BANK3   BANK2
      Params:         0       8       0       0       0
      Locals:         0       0       0       0       0
      Temps:          0       4       0       0       0
      Totals:         0      12       0       0       0
Total ram usage:       12 bytes
 Hardware stack levels used:    1
 Hardware stack levels required when called:    2
 This function calls:
		Nothing
 This function is called by:
		_main
		_pow
		_exp
		_floor
		_ldexp
		_log
 This function uses a non-reentrant model


 *************** function _eval_poly *****************
 Defined at:
		line 4 in file "C:\Program Files (x86)\Microchip\xc8\v2.10\pic\sources\c90\common\evalpoly.c"
 Parameters:    Size  Location     Type
  x               4   25[BANK1 ] long 
  d               1   29[BANK1 ] PTR const 
		 -> log@coeff(36), exp@coeff(40), 
  n               2   30[BANK1 ] int 
 Auto vars:     Size  Location     Type
  res             4   37[BANK1 ] int 
 Return value:  Size  Location     Type
                  4   25[BANK1 ] int 
 Registers used:
		wreg, fsr0l, fsr0h, status,2, status,0, btemp+1, pclath, cstack
 Tracked objects:
		On entry : 
		On exit  : 
		Unchanged: 
 Data sizes:     COMMON   BANK0   BANK1   BANK3   BANK2
      Params:         0       0       7       0       0
      Locals:         0       0       4       0       0
      Temps:          0       0       5       0       0
      Totals:         0       0      16       0       0
Total ram usage:       16 bytes
 Hardware stack levels used:    1
 Hardware stack levels required when called:    4
 This function calls:
		___fladd
		___flmul
 This function is called by:
		_exp
		_log
 This function uses a non-reentrant model


 *************** function ___flmul *****************
 Defined at:
		line 8 in file "C:\Program Files (x86)\Microchip\xc8\v2.10\pic\sources\c90\common\sprcmul.c"
 Parameters:    Size  Location     Type
  b               4   33[BANK0 ] int 
  a               4   37[BANK0 ] int 
 Auto vars:     Size  Location     Type
  prod            4   53[BANK0 ] struct .
  grs             4   47[BANK0 ] unsigned long 
  temp            2   57[BANK0 ] struct .
  bexp            1   52[BANK0 ] unsigned char 
  aexp            1   51[BANK0 ] unsigned char 
  sign            1   46[BANK0 ] unsigned char 
 Return value:  Size  Location     Type
                  4   33[BANK0 ] unsigned char 
 Registers used:
		wreg, status,2, status,0, btemp+1, pclath, cstack
 Tracked objects:
		On entry : 
		On exit  : 
		Unchanged: 
 Data sizes:     COMMON   BANK0   BANK1   BANK3   BANK2
      Params:         0       8       0       0       0
      Locals:         0      13       0       0       0
      Temps:          0       5       0       0       0
      Totals:         0      26       0       0       0
Total ram usage:       26 bytes
 Hardware stack levels used:    1
 Hardware stack levels required when called:    3
 This function calls:
		__Umul8_16
 This function is called by:
		_main
		_ftoa
		_pow
		_exp
		_log
		_eval_poly
 This function uses a non-reentrant model


 *************** function __Umul8_16 *****************
 Defined at:
		line 4 in file "C:\Program Files (x86)\Microchip\xc8\v2.10\pic\sources\c90\common\Umul8_16.c"
 Parameters:    Size  Location     Type
  multiplier      1    wreg     unsigned char 
  multiplicand    1    0[BANK0 ] unsigned char 
 Auto vars:     Size  Location     Type
  multiplier      1    8[BANK0 ] unsigned char 
  word_mpld       2    6[BANK0 ] unsigned int 
  product         2    4[BANK0 ] unsigned int 
 Return value:  Size  Location     Type
                  2    0[BANK0 ] unsigned int 
 Registers used:
		wreg, status,2, status,0
 Tracked objects:
		On entry : 
		On exit  : 
		Unchanged: 
 Data sizes:     COMMON   BANK0   BANK1   BANK3   BANK2
      Params:         0       2       0       0       0
      Locals:         0       5       0       0       0
      Temps:          0       2       0       0       0
      Totals:         0       9       0       0       0
Total ram usage:        9 bytes
 Hardware stack levels used:    1
 Hardware stack levels required when called:    2
 This function calls:
		Nothing
 This function is called by:
		___flmul
 This function uses a non-reentrant model


 *************** function ___flsub *****************
 Defined at:
		line 242 in file "C:\Program Files (x86)\Microchip\xc8\v2.10\pic\sources\c90\common\sprcadd.c"
 Parameters:    Size  Location     Type
  a               4   25[BANK1 ] unsigned int 
  b               4   29[BANK1 ] unsigned int 
 Auto vars:     Size  Location     Type
		None
 Return value:  Size  Location     Type
                  4   25[BANK1 ] unsigned int 
 Registers used:
		wreg, status,2, status,0, btemp+1, pclath, cstack
 Tracked objects:
		On entry : 
		On exit  : 
		Unchanged: 
 Data sizes:     COMMON   BANK0   BANK1   BANK3   BANK2
      Params:         0       0       8       0       0
      Locals:         0       0       0       0       0
      Temps:          0       0       0       0       0
      Totals:         0       0       8       0       0
Total ram usage:        8 bytes
 Hardware stack levels used:    1
 Hardware stack levels required when called:    3
 This function calls:
		___fladd
 This function is called by:
		_main
		_ftoa
		_exp
 This function uses a non-reentrant model


 *************** function ___fladd *****************
 Defined at:
		line 10 in file "C:\Program Files (x86)\Microchip\xc8\v2.10\pic\sources\c90\common\sprcadd.c"
 Parameters:    Size  Location     Type
  b               4   72[BANK0 ] unsigned int 
  a               4   76[BANK0 ] unsigned int 
 Auto vars:     Size  Location     Type
  grs             1   24[BANK1 ] unsigned char 
  bexp            1   23[BANK1 ] unsigned char 
  aexp            1   22[BANK1 ] unsigned char 
  signs           1   21[BANK1 ] unsigned char 
 Return value:  Size  Location     Type
                  4   72[BANK0 ] unsigned char 
 Registers used:
		wreg, status,2, status,0, btemp+1
 Tracked objects:
		On entry : 
		On exit  : 
		Unchanged: 
 Data sizes:     COMMON   BANK0   BANK1   BANK3   BANK2
      Params:         0       8       0       0       0
      Locals:         0       0       4       0       0
      Temps:          0       0       8       0       0
      Totals:         0       8      12       0       0
Total ram usage:       20 bytes
 Hardware stack levels used:    1
 Hardware stack levels required when called:    2
 This function calls:
		Nothing
 This function is called by:
		_main
		___flsub
		_floor
		_log
		_eval_poly
 This function uses a non-reentrant model


 *************** function ___flneg *****************
 Defined at:
		line 15 in file "C:\Program Files (x86)\Microchip\xc8\v2.10\pic\sources\c90\common\flneg.c"
 Parameters:    Size  Location     Type
  f1              4    0[BANK0 ] unsigned char 
 Auto vars:     Size  Location     Type
		None
 Return value:  Size  Location     Type
                  4    0[BANK0 ] unsigned char 
 Registers used:
		wreg
 Tracked objects:
		On entry : 
		On exit  : 
		Unchanged: 
 Data sizes:     COMMON   BANK0   BANK1   BANK3   BANK2
      Params:         0       4       0       0       0
      Locals:         0       0       0       0       0
      Temps:          0       0       0       0       0
      Totals:         0       4       0       0       0
Total ram usage:        4 bytes
 Hardware stack levels used:    1
 Hardware stack levels required when called:    2
 This function calls:
		Nothing
 This function is called by:
		_pow
		_exp
 This function uses a non-reentrant model


 *************** function ___fldiv *****************
 Defined at:
		line 8 in file "C:\Program Files (x86)\Microchip\xc8\v2.10\pic\sources\c90\common\sprcdiv.c"
 Parameters:    Size  Location     Type
  a               4   59[BANK0 ] unsigned char 
  b               4   63[BANK0 ] unsigned char 
 Auto vars:     Size  Location     Type
  grs             4    7[BANK1 ] unsigned long 
  rem             4    0[BANK1 ] unsigned long 
  new_exp         2    5[BANK1 ] int 
  aexp            1   12[BANK1 ] unsigned char 
  bexp            1   11[BANK1 ] unsigned char 
  sign            1    4[BANK1 ] unsigned char 
 Return value:  Size  Location     Type
                  4   59[BANK0 ] unsigned char 
 Registers used:
		wreg, status,2, status,0, btemp+1
 Tracked objects:
		On entry : 
		On exit  : 
		Unchanged: 
 Data sizes:     COMMON   BANK0   BANK1   BANK3   BANK2
      Params:         0       8       0       0       0
      Locals:         0       0      13       0       0
      Temps:          0       5       0       0       0
      Totals:         0      13      13       0       0
Total ram usage:       26 bytes
 Hardware stack levels used:    1
 Hardware stack levels required when called:    2
 This function calls:
		Nothing
 This function is called by:
		_main
		_exp
 This function uses a non-reentrant model


 *************** function _intToStr *****************
 Defined at:
		line 213 in file "main.c"
 Parameters:    Size  Location     Type
  x               2   36[BANK1 ] int 
  str             1   38[BANK1 ] PTR unsigned char 
		 -> temp(15), 
  d               2   39[BANK1 ] int 
 Auto vars:     Size  Location     Type
  i               2   43[BANK1 ] int 
 Return value:  Size  Location     Type
                  2   36[BANK1 ] int 
 Registers used:
		wreg, fsr0l, fsr0h, status,2, status,0, pclath, cstack
 Tracked objects:
		On entry : 
		On exit  : 
		Unchanged: 
 Data sizes:     COMMON   BANK0   BANK1   BANK3   BANK2
      Params:         0       0       5       0       0
      Locals:         0       0       2       0       0
      Temps:          0       0       2       0       0
      Totals:         0       0       9       0       0
Total ram usage:        9 bytes
 Hardware stack levels used:    1
 Hardware stack levels required when called:    3
 This function calls:
		___awdiv
		___awmod
		_reverse
 This function is called by:
		_ftoa
 This function uses a non-reentrant model


 *************** function _reverse *****************
 Defined at:
		line 198 in file "main.c"
 Parameters:    Size  Location     Type
  str             1    wreg     PTR unsigned char 
		 -> temp(15), 
  len             2    0[BANK0 ] int 
 Auto vars:     Size  Location     Type
  str             1   11[BANK0 ] PTR unsigned char 
		 -> temp(15), 
  j               2    9[BANK0 ] int 
  i               2    7[BANK0 ] int 
  temp            2    5[BANK0 ] int 
 Return value:  Size  Location     Type
                  1    wreg      void 
 Registers used:
		wreg, fsr0l, fsr0h, status,2, status,0
 Tracked objects:
		On entry : 
		On exit  : 
		Unchanged: 
 Data sizes:     COMMON   BANK0   BANK1   BANK3   BANK2
      Params:         0       2       0       0       0
      Locals:         0       7       0       0       0
      Temps:          0       3       0       0       0
      Totals:         0      12       0       0       0
Total ram usage:       12 bytes
 Hardware stack levels used:    1
 Hardware stack levels required when called:    2
 This function calls:
		Nothing
 This function is called by:
		_intToStr
 This function uses a non-reentrant model


 *************** function ___awmod *****************
 Defined at:
		line 5 in file "C:\Program Files (x86)\Microchip\xc8\v2.10\pic\sources\c90\common\awmod.c"
 Parameters:    Size  Location     Type
  divisor         2    0[BANK0 ] int 
  dividend        2    2[BANK0 ] int 
 Auto vars:     Size  Location     Type
  sign            1    6[BANK0 ] unsigned char 
  counter         1    5[BANK0 ] unsigned char 
 Return value:  Size  Location     Type
                  2    0[BANK0 ] int 
 Registers used:
		wreg, status,2, status,0
 Tracked objects:
		On entry : 
		On exit  : 
		Unchanged: 
 Data sizes:     COMMON   BANK0   BANK1   BANK3   BANK2
      Params:         0       4       0       0       0
      Locals:         0       2       0       0       0
      Temps:          0       1       0       0       0
      Totals:         0       7       0       0       0
Total ram usage:        7 bytes
 Hardware stack levels used:    1
 Hardware stack levels required when called:    2
 This function calls:
		Nothing
 This function is called by:
		_intToStr
 This function uses a non-reentrant model


 *************** function ___awdiv *****************
 Defined at:
		line 5 in file "C:\Program Files (x86)\Microchip\xc8\v2.10\pic\sources\c90\common\awdiv.c"
 Parameters:    Size  Location     Type
  divisor         2    0[BANK0 ] int 
  dividend        2    2[BANK0 ] int 
 Auto vars:     Size  Location     Type
  quotient        2    7[BANK0 ] int 
  sign            1    6[BANK0 ] unsigned char 
  counter         1    5[BANK0 ] unsigned char 
 Return value:  Size  Location     Type
                  2    0[BANK0 ] int 
 Registers used:
		wreg, status,2, status,0
 Tracked objects:
		On entry : 
		On exit  : 
		Unchanged: 
 Data sizes:     COMMON   BANK0   BANK1   BANK3   BANK2
      Params:         0       4       0       0       0
      Locals:         0       4       0       0       0
      Temps:          0       1       0       0       0
      Totals:         0       9       0       0       0
Total ram usage:        9 bytes
 Hardware stack levels used:    1
 Hardware stack levels required when called:    2
 This function calls:
		Nothing
 This function is called by:
		_intToStr
 This function uses a non-reentrant model


 *************** function _ADC_Read *****************
 Defined at:
		line 14 in file "ADC.c"
 Parameters:    Size  Location     Type
  channel         1    wreg     unsigned char 
 Auto vars:     Size  Location     Type
  channel         1    4[BANK0 ] unsigned char 
 Return value:  Size  Location     Type
                  2    0[BANK0 ] unsigned int 
 Registers used:
		wreg, status,2, status,0
 Tracked objects:
		On entry : 
		On exit  : 
		Unchanged: 
 Data sizes:     COMMON   BANK0   BANK1   BANK3   BANK2
      Params:         0       2       0       0       0
      Locals:         0       1       0       0       0
      Temps:          0       2       0       0       0
      Totals:         0       5       0       0       0
Total ram usage:        5 bytes
 Hardware stack levels used:    1
 Hardware stack levels required when called:    2
 This function calls:
		Nothing
 This function is called by:
		_main
 This function uses a non-reentrant model


 *************** function _ADC_Init *****************
 Defined at:
		line 6 in file "ADC.c"
 Parameters:    Size  Location     Type
		None
 Auto vars:     Size  Location     Type
		None
 Return value:  Size  Location     Type
                  1    wreg      void 
 Registers used:
		wreg
 Tracked objects:
		On entry : 
		On exit  : 
		Unchanged: 
 Data sizes:     COMMON   BANK0   BANK1   BANK3   BANK2
      Params:         0       0       0       0       0
      Locals:         0       0       0       0       0
      Temps:          0       0       0       0       0
      Totals:         0       0       0       0       0
Total ram usage:        0 bytes
 Hardware stack levels used:    1
 Hardware stack levels required when called:    2
 This function calls:
		Nothing
 This function is called by:
		_main
 This function uses a non-reentrant model


 *************** function _ISR *****************
 Defined at:
		line 303 in file "main.c"
 Parameters:    Size  Location     Type
		None
 Auto vars:     Size  Location     Type
		None
 Return value:  Size  Location     Type
                  1    wreg      void 
 Registers used:
		wreg, status,2, status,0, pclath, cstack
 Tracked objects:
		On entry : 
		On exit  : 
		Unchanged: 
 Data sizes:     COMMON   BANK0   BANK1   BANK3   BANK2
      Params:         0       0       0       0       0
      Locals:         0       0       0       0       0
      Temps:          2       0       0       0       0
      Totals:         2       0       0       0       0
Total ram usage:        2 bytes
 Hardware stack levels used:    1
 Hardware stack levels required when called:    1
 This function calls:
		_pbchange
 This function is called by:
		Interrupt level 1
 This function uses a non-reentrant model


 *************** function _pbchange *****************
 Defined at:
		line 274 in file "main.c"
 Parameters:    Size  Location     Type
		None
 Auto vars:     Size  Location     Type
  state           1    4[COMMON] unsigned char 
 Return value:  Size  Location     Type
                  1    wreg      void 
 Registers used:
		wreg, status,2, status,0
 Tracked objects:
		On entry : 
		On exit  : 
		Unchanged: 
 Data sizes:     COMMON   BANK0   BANK1   BANK3   BANK2
      Params:         0       0       0       0       0
      Locals:         1       0       0       0       0
      Temps:          4       0       0       0       0
      Totals:         5       0       0       0       0
Total ram usage:        5 bytes
 Hardware stack levels used:    1
 This function calls:
		Nothing
 This function is called by:
		_ISR
 This function uses a non-reentrant model



MODULE INFORMATION

Module		Function		Class		Link	Load	Size
C:\Program Files (x86)\Microchip\xc8\v2.10\pic\sources\c90\common\fleq.c
		___fleq        		CODE           	1A96	0000	81

C:\Program Files (x86)\Microchip\xc8\v2.10\pic\sources\c90\common\fleq.c estimated size: 81

C:\Program Files (x86)\Microchip\xc8\v2.10\pic\sources\c90\common\log.c
		_log           		CODE           	11CC	0000	371

C:\Program Files (x86)\Microchip\xc8\v2.10\pic\sources\c90\common\log.c estimated size: 371

C:\Program Files (x86)\Microchip\xc8\v2.10\pic\sources\c90\common\awdiv.c
		___awdiv       		CODE           	1BF2	0000	106

C:\Program Files (x86)\Microchip\xc8\v2.10\pic\sources\c90\common\awdiv.c estimated size: 106

C:\Program Files (x86)\Microchip\xc8\v2.10\pic\sources\c90\common\fltol.c
		___fltol       		CODE           	1019	0000	125

C:\Program Files (x86)\Microchip\xc8\v2.10\pic\sources\c90\common\fltol.c estimated size: 125

C:\Program Files (x86)\Microchip\xc8\v2.10\pic\sources\c90\common\evalpoly.c
		_eval_poly     		CODE           	1F26	0000	219

C:\Program Files (x86)\Microchip\xc8\v2.10\pic\sources\c90\common\evalpoly.c estimated size: 219

C:\Program Files (x86)\Microchip\xc8\v2.10\pic\sources\c90\common\pow.c
		_pow           		CODE           	133E	0000	604

C:\Program Files (x86)\Microchip\xc8\v2.10\pic\sources\c90\common\pow.c estimated size: 604

C:\Program Files (x86)\Microchip\xc8\v2.10\pic\sources\c90\common\sprcmul.c
		___flmul       		CODE           	0495	0000	866

C:\Program Files (x86)\Microchip\xc8\v2.10\pic\sources\c90\common\sprcmul.c estimated size: 866

C:\Program Files (x86)\Microchip\xc8\v2.10\pic\sources\c90\common\Umul8_16.c
		__Umul8_16     		CODE           	196E	0000	42

C:\Program Files (x86)\Microchip\xc8\v2.10\pic\sources\c90\common\Umul8_16.c estimated size: 42

C:\Program Files (x86)\Microchip\xc8\v2.10\pic\sources\c90\common\sprcdiv.c
		___fldiv       		CODE           	09DC	0000	673

C:\Program Files (x86)\Microchip\xc8\v2.10\pic\sources\c90\common\sprcdiv.c estimated size: 673

C:\Program Files (x86)\Microchip\xc8\v2.10\pic\sources\c90\common\flneg.c
		___flneg       		CODE           	1931	0000	14

C:\Program Files (x86)\Microchip\xc8\v2.10\pic\sources\c90\common\flneg.c estimated size: 14

C:\Program Files (x86)\Microchip\xc8\v2.10\pic\sources\c90\common\flge.c
		___flge        		CODE           	1CF8	0000	165

C:\Program Files (x86)\Microchip\xc8\v2.10\pic\sources\c90\common\flge.c estimated size: 165

C:\Program Files (x86)\Microchip\xc8\v2.10\pic\sources\c90\common\xxtofl.c
		___xxtofl      		CODE           	1D9C	0000	189

C:\Program Files (x86)\Microchip\xc8\v2.10\pic\sources\c90\common\xxtofl.c estimated size: 189

shared
		exp@coeff      		STRING         	1810	0000	41
		__stringtab    		STRING         	1800	0000	17
		__initialization		CODE           	000F	0000	13
		log@coeff      		STRING         	1838	0000	37

shared estimated size: 108

ADC.c
		_ADC_Read      		CODE           	19C0	0000	56
		_ADC_Init      		CODE           	1926	0000	12

ADC.c estimated size: 68

C:\Program Files (x86)\Microchip\xc8\v2.10\pic\sources\c90\common\awmod.c
		___awmod       		CODE           	1B3B	0000	92

C:\Program Files (x86)\Microchip\xc8\v2.10\pic\sources\c90\common\awmod.c estimated size: 92

lcd.c
		_lcd_puts      		CODE           	1997	0000	42
		_lcd_clear     		CODE           	1005	0000	21
		_lcd_goto      		CODE           	0800	0000	13
		_lcd_write     		CODE           	194F	0000	32
		_lcd_init      		CODE           	1AE6	0000	86

lcd.c estimated size: 194

C:\Program Files (x86)\Microchip\xc8\v2.10\pic\sources\c90\common\exp.c
		_exp           		CODE           	1599	0000	616

C:\Program Files (x86)\Microchip\xc8\v2.10\pic\sources\c90\common\exp.c estimated size: 616

C:\Program Files (x86)\Microchip\xc8\v2.10\pic\sources\c90\common\sprcadd.c
		___flsub       		CODE           	1A46	0000	81
		___fladd       		CODE           	0C7C	0000	901

C:\Program Files (x86)\Microchip\xc8\v2.10\pic\sources\c90\common\sprcadd.c estimated size: 982

C:\Program Files (x86)\Microchip\xc8\v2.10\pic\sources\c90\common\frexp.c
		_ldexp         		CODE           	1E58	0000	207
		_frexp         		CODE           	1B96	0000	93

C:\Program Files (x86)\Microchip\xc8\v2.10\pic\sources\c90\common\frexp.c estimated size: 300

main.c
		_ISR           		CODE           	193E	0000	18
		_intToStr      		CODE           	1C5B	0000	158
		_main          		CODE           	001F	0000	1143
		_ftoa          		CODE           	084E	0000	399
		_reverse       		CODE           	19F7	0000	80
		_pbchange      		CODE           	080C	0000	67

main.c estimated size: 1865

C:\Program Files (x86)\Microchip\xc8\v2.10\pic\sources\c90\common\floor.c
		_floor         		CODE           	1095	0000	312

C:\Program Files (x86)\Microchip\xc8\v2.10\pic\sources\c90\common\floor.c estimated size: 312

